// Jest Snapshot v1, https://goo.gl/fbAQLP

exports[`Get files Pages file: page files 1`] = `
Array [
  "[...all].vue",
  "[sensor]/current.vue",
  "[userId].vue",
  "about.vue",
  "about/index.vue",
  "blog/[id].vue",
  "blog/index.vue",
  "blog/today/index.vue",
  "components.vue",
  "index.vue",
]
`;

exports[`Get page dirs With glob: glob dirs 1`] = `
Array [
  Object {
    "baseRoute": "",
    "dir": "test/assets/deep-pages/bar/pages",
  },
  Object {
    "baseRoute": "",
    "dir": "test/assets/deep-pages/foo/pages",
  },
]
`;
