// Jest Snapshot v1, https://goo.gl/fbAQLP

exports[`Options resolve: resolved options 1`] = `
Object {
  "exclude": Array [],
  "extensions": Array [
    "vue",
    "js",
  ],
  "extensionsRE": /\\\\\\.\\(vue\\|js\\)\\$/,
  "importMode": "async",
  "nuxtStyle": false,
  "pagesDir": "test/assets/pages",
  "pagesDirOptions": Array [
    Object {
      "baseRoute": "",
      "dir": "test/assets/pages",
    },
  ],
  "react": false,
  "replaceSquareBrackets": false,
  "routeBlockLang": "json5",
  "syncIndex": true,
}
`;
