// Jest Snapshot v1, https://goo.gl/fbAQLP

exports[`Parser SFC 1`] = `
Object {
  "cssVars": Array [],
  "customBlocks": Array [
    Object {
      "attrs": Object {},
      "content": "                        
                                 

             
             
  

         

          
                         
           

       
{
  meta: {
    requiresAuth: false,
  },
  name: 'name-override',
}
",
      "loc": Object {
        "end": Object {
          "column": 1,
          "line": 21,
          "offset": 230,
        },
        "source": "
{
  meta: {
    requiresAuth: false,
  },
  name: 'name-override',
}
",
        "start": Object {
          "column": 8,
          "line": 14,
          "offset": 160,
        },
      },
      "map": Object {
        "file": "anonymous.vue",
        "mappings": ";;;;;;;;;;;;;;AAcA;EACE,CAAC,CAAC,CAAC,CAAC,EAAE;IACJ,CAAC,CAAC,CAAC,CAAC,CAAC,CAAC,CAAC,CAAC,CAAC,CAAC,CAAC,CAAC,EAAE,CAAC,CAAC,CAAC,CAAC,CAAC;EACrB,CAAC;EACD,CAAC,CAAC,CAAC,CAAC,EAAE,CAAC,CAAC,CAAC,CAAC,CAAC,CAAC,CAAC,CAAC,CAAC,CAAC,CAAC,CAAC,CAAC,CAAC,CAAC;AACvB",
        "names": Array [],
        "sourceRoot": "",
        "sources": Array [
          "anonymous.vue",
        ],
        "sourcesContent": Array [
          "<script setup lang=\\"ts\\">
import { defineProps } from 'vue'

defineProps({
  id: String,
})

</script>

<template>
  blog/[id].vue: {{ id }}
</template>

<route>
{
  meta: {
    requiresAuth: false,
  },
  name: 'name-override',
}
</route>
",
        ],
        "version": 3,
      },
      "type": "route",
    },
  ],
  "filename": "anonymous.vue",
  "script": null,
  "scriptSetup": Object {
    "attrs": Object {
      "lang": "ts",
      "setup": true,
    },
    "content": "                        
import { defineProps } from 'vue'

defineProps({
  id: String,
})

",
    "lang": "ts",
    "loc": Object {
      "end": Object {
        "column": 1,
        "line": 8,
        "offset": 92,
      },
      "source": "
import { defineProps } from 'vue'

defineProps({
  id: String,
})

",
      "start": Object {
        "column": 25,
        "line": 1,
        "offset": 24,
      },
    },
    "setup": true,
    "type": "script",
  },
  "slotted": false,
  "source": "<script setup lang=\\"ts\\">
import { defineProps } from 'vue'

defineProps({
  id: String,
})

</script>

<template>
  blog/[id].vue: {{ id }}
</template>

<route>
{
  meta: {
    requiresAuth: false,
  },
  name: 'name-override',
}
</route>
",
  "styles": Array [],
  "template": Object {
    "ast": Object {
      "children": Array [
        Object {
          "content": "  blog/[id].vue: ",
          "loc": Object {
            "end": Object {
              "column": 18,
              "line": 11,
              "offset": 131,
            },
            "source": "
  blog/[id].vue: ",
            "start": Object {
              "column": 11,
              "line": 10,
              "offset": 113,
            },
          },
          "type": 2,
        },
        Object {
          "content": Object {
            "constType": 0,
            "content": "id",
            "isStatic": false,
            "loc": Object {
              "end": Object {
                "column": 23,
                "line": 11,
                "offset": 136,
              },
              "source": "id",
              "start": Object {
                "column": 21,
                "line": 11,
                "offset": 134,
              },
            },
            "type": 4,
          },
          "loc": Object {
            "end": Object {
              "column": 26,
              "line": 11,
              "offset": 139,
            },
            "source": "{{ id }}",
            "start": Object {
              "column": 18,
              "line": 11,
              "offset": 131,
            },
          },
          "type": 5,
        },
        Object {
          "content": "
",
          "loc": Object {
            "end": Object {
              "column": 1,
              "line": 12,
              "offset": 140,
            },
            "source": "
",
            "start": Object {
              "column": 26,
              "line": 11,
              "offset": 139,
            },
          },
          "type": 2,
        },
      ],
      "codegenNode": undefined,
      "isSelfClosing": false,
      "loc": Object {
        "end": Object {
          "column": 12,
          "line": 12,
          "offset": 151,
        },
        "source": "<template>
  blog/[id].vue: {{ id }}
</template>",
        "start": Object {
          "column": 1,
          "line": 10,
          "offset": 103,
        },
      },
      "ns": 0,
      "props": Array [],
      "tag": "template",
      "tagType": 0,
      "type": 1,
    },
    "attrs": Object {},
    "content": "
  blog/[id].vue: {{ id }}
",
    "loc": Object {
      "end": Object {
        "column": 1,
        "line": 12,
        "offset": 140,
      },
      "source": "
  blog/[id].vue: {{ id }}
",
      "start": Object {
        "column": 11,
        "line": 10,
        "offset": 113,
      },
    },
    "map": Object {
      "file": "anonymous.vue",
      "mappings": ";EAUE,CAAC,CAAC,CAAC,CAAC,CAAC,CAAC,CAAC,CAAC,CAAC,CAAC,CAAC,CAAC,CAAC,EAAE,CAAC,EAAE,CAAC,EAAE,CAAC",
      "names": Array [],
      "sourceRoot": "",
      "sources": Array [
        "anonymous.vue",
      ],
      "sourcesContent": Array [
        "<script setup lang=\\"ts\\">
import { defineProps } from 'vue'

defineProps({
  id: String,
})

</script>

<template>
  blog/[id].vue: {{ id }}
</template>

<route>
{
  meta: {
    requiresAuth: false,
  },
  name: 'name-override',
}
</route>
",
      ],
      "version": 3,
    },
    "type": "template",
  },
}
`;
